---
source: src/config.rs
expression: processed
---
ProcessedConfig(
  remaps: [],
  auth_tokens: {},
  config_models: ModelMap(
    models: [
      "local/model",
      "remote/model",
    ],
    model_map: {
      "local/model": ModelTarget(
        base_url: "http://localhost:8080/v1",
        api_key: None,
        model: "whatever",
      ),
      "remote/model": ModelTarget(
        base_url: "https://example.com/v1",
        api_key: Some("sk-12345"),
        model: "other-model",
      ),
    },
  ),
  all_models: ModelMap(
    models: [
      "local/model",
      "remote/model",
    ],
    model_map: {
      "local/model": ModelTarget(
        base_url: "http://localhost:8080/v1",
        api_key: None,
        model: "whatever",
      ),
      "remote/model": ModelTarget(
        base_url: "https://example.com/v1",
        api_key: Some("sk-12345"),
        model: "other-model",
      ),
    },
  ),
)
